
> player-auction@0.1.0 build
> next build

Γû▓ Next.js 16.1.2 (Turbopack)

  Creating an optimized production build ...
node.exe : 
At line:1 char:1
+ & "C:\Program Files\nodejs/node.exe" 
"C:\Program Files\nodejs/node_mo ...
+ ~~~~~~~~~~~~~~~~~~~~~~~~~~~~~~~~~~~~~~~~~
~~~~~~~~~~~~~~~~~~~~~~~~~~~~
    + CategoryInfo          : NotSpecified 
   : (:String) [], RemoteException
    + FullyQualifiedErrorId : NativeComman 
   dError
 
> Build error occurred
Error: Turbopack build failed with 2 
errors:
./src/app/setup/page.tsx:1:20
Ecmascript file had an error
[0m[31m[1m>[22m[39m[90m 1 |[39m 
[36mimport[39m { useState[33m,[39m 
useRef } [36mfrom[39m 
[32m'react'[39m[33m;[39m
 [90m   |[39m                    [31m[1
m^[22m[39m[31m[1m^[22m[39m[31m[1m^
[22m[39m[31m[1m^[22m[39m[31m[1m^[22
m[39m[31m[1m^[22m[39m
 [90m 2 |[39m [36mimport[39m { 
useAuction } [36mfrom[39m 
[32m'@/lib/store'[39m[33m;[39m
 [90m 3 |[39m [36mimport[39m { 
[33mTeam[39m[33m,[39m 
[33mPlayer[39m[33m,[39m 
[33mRole[39m[33m,[39m 
[33mROLES[39m[33m,[39m 
[33mDEFAULT_BUDGET[39m } [36mfrom[39m 
[32m'@/lib/types'[39m[33m;[39m
 [90m 4 |[39m [36mimport[39m { 
[33mButton[39m } [36mfrom[39m [32m'@/c
omponents/ui/button'[39m[33m;[39m[0m

You're importing a component that needs 
`useRef`. This React Hook only works in a 
Client Component. To fix, mark the file 
(or its parent) with the `"use client"` 
directive.

 Learn more: https://nextjs.org/docs/app/ap
i-reference/directives/use-client




./src/app/setup/page.tsx:1:10
Ecmascript file had an error
[0m[31m[1m>[22m[39m[90m 1 |[39m 
[36mimport[39m { useState[33m,[39m 
useRef } [36mfrom[39m 
[32m'react'[39m[33m;[39m
 [90m   |[39m          [31m[1m^[22m[3
9m[31m[1m^[22m[39m[31m[1m^[22m[39m
[31m[1m^[22m[39m[31m[1m^[22m[39m[31
m[1m^[22m[39m[31m[1m^[22m[39m[31m[
1m^[22m[39m
 [90m 2 |[39m [36mimport[39m { 
useAuction } [36mfrom[39m 
[32m'@/lib/store'[39m[33m;[39m
 [90m 3 |[39m [36mimport[39m { 
[33mTeam[39m[33m,[39m 
[33mPlayer[39m[33m,[39m 
[33mRole[39m[33m,[39m 
[33mROLES[39m[33m,[39m 
[33mDEFAULT_BUDGET[39m } [36mfrom[39m 
[32m'@/lib/types'[39m[33m;[39m
 [90m 4 |[39m [36mimport[39m { 
[33mButton[39m } [36mfrom[39m [32m'@/c
omponents/ui/button'[39m[33m;[39m[0m

You're importing a component that needs 
`useState`. This React Hook only works in 
a Client Component. To fix, mark the file 
(or its parent) with the `"use client"` 
directive.

 Learn more: https://nextjs.org/docs/app/ap
i-reference/directives/use-client




    at <unknown> 
(./src/app/setup/page.tsx:1:20)
    at <unknown> 
(./src/app/setup/page.tsx:1:10)
